[2026-09-13 19:59:44] START 2 train_gvaa
[2026-09-13 20:00:52] DONE  2 train_gvaa
[2026-09-13 20:00:52] START 3 k1 search
[2026-09-13 20:13:32] DONE  3 k1 search
[2026-09-13 20:13:32] START 3 k1 budget
[2026-09-13 20:22:44] DONE  3 k1 budget
[2026-09-13 20:22:44] START 4 b1
[2026-09-13 20:24:55] DONE  4 b1
[2026-09-13 20:24:55] START 4 b2
[2026-09-13 20:28:55] DONE  4 b2
[2026-09-13 20:28:55] START 5 lambda
[2026-09-13 20:35:19] DONE  5 lambda
[2026-09-13 20:35:19] START 6 summaries
[2026-09-13 20:35:20] DONE  6 summaries
[2026-09-13 20:35:20] START 7 pytest
[2026-09-13 20:36:09] DONE  7 pytest
ALL DONE
pipeline exit=0
[2026-09-13 21:02:49] START dqn500 retrain + rerun
[2026-09-13 21:11:43] DONE  dqn500 retrain + rerun
dqn500 exit=0
